// Jest Snapshot v1, https://goo.gl/fbAQLP

exports[`should render EditExpense Page correctly 1`] = `
<div>
  <ExpenseForm
    expense={
      Object {
        "amount": 867,
        "createdAt": 1000,
        "description": "credit card",
        "id": "2",
        "note": "",
      }
    }
    onSubmit={[Function]}
  />
  <button
    onClick={[Function]}
  >
    Remove
  </button>
</div>
`;
