// Jest Snapshot v1, https://goo.gl/fbAQLP

exports[`should render expenseListItem with expense 1`] = `
<div>
  <Link
    replace={false}
    to="/edit?id=0"
  >
    <h3>
      Gum
    </h3>
  </Link>
  <p>
    $400.00
    -
    January 1st, 1970
  </p>
</div>
`;
